ASxxxx Linker V03.00 + NoICE + sdld,  page 1.
Hexadecimal  [32-Bits]

Area                                    Addr        Size        Decimal Bytes (Attributes)
--------------------------------        ----        ----        ------- ----- ------------
.  .ABS.                            00000000    00000000 =           0. bytes (ABS,CON)

      Value  Global                              Global Defined In Module
      -----  --------------------------------   ------------------------
     00000000  .__.ABS.                           SetTileMap
     00000000  _rRAMG                             
     00000000  l__BASE                         
     00000000  l__BSS                          
     00000000  l__CABS                         
     00000000  l__CODE_0                       
     00000000  l__CRASH_HEADER                 
     00000000  l__CRASH_SCRATCH                
     00000000  l__DABS                         
     00000000  l__HEADER                       
     00000000  l__HEADER_LCD                   
     00000000  l__HEADER_SIO                   
     00000000  l__HEADER_TIMER                 
     00000000  l__HEAP                         
     00000000  l__HRAM                         
     00000000  l__LIT                          
     00000000  s__CABS                         
     00000000  s__CRASH_HEADER                 
     00000000  s__CRASH_HEADER0                
     00000000  s__CRASH_HEADER1                
     00000000  s__CRASH_SCRATCH                
     00000000  s__CRASH_SCRATCH2               
     00000000  s__DABS                         
     00000000  s__HEADER                       
     00000000  s__HEADER0                      
     00000000  s__HEADER1                      
     00000000  s__HEADER10                     
     00000000  s__HEADER11                     
     00000000  s__HEADER2                      
     00000000  s__HEADER3                      
     00000000  s__HEADER4                      
     00000000  s__HEADER5                      
     00000000  s__HEADER6                      
     00000000  s__HEADER7                      
     00000000  s__HEADER8                      
     00000000  s__HEADER9                      
     00000000  s__HEADER_LCD                   
     00000000  s__HEADER_LCD0                  
     00000000  s__HEADER_SIO                   
     00000000  s__HEADER_SIO0                  
     00000000  s__HEADER_TIMER                 
     00000000  s__HEADER_TIMER0                
     00000000  s__HEADERa                      
     00000000  s__HEADERb                      
     00000000  s__HEADERc                      
     00000000  s__HEADERd                      
     00000000  s__HEADERe                      
     00000000  s__HEADERf                      
     00000000  s__HRAM                         
     00000000  s__HRAM12                       
ASxxxx Linker V03.00 + NoICE + sdld,  page 2.
Hexadecimal  [32-Bits]

Area                                    Addr        Size        Decimal Bytes (Attributes)
--------------------------------        ----        ----        ------- ----- ------------
.  .ABS.                            00000000    00000000 =           0. bytes (ABS,CON)

      Value  Global                              Global Defined In Module
      -----  --------------------------------   ------------------------
     00000001  b_activate_actor                   actor
     00000001  b_activate_actors_in_col           actor
     00000001  b_activate_actors_in_row           actor
     00000001  b_actor_at_tile                    actor
     00000001  b_actor_get_frame_offset           actor
     00000001  b_actor_in_front_of_player         actor
     00000001  b_actor_overlapping_bb             actor
     00000001  b_actor_overlapping_player         actor
     00000001  b_actor_set_anim_idle              actor
     00000001  b_actor_set_anim_moving            actor
     00000001  b_actor_set_dir                    actor
     00000001  b_actor_set_frame_offset           actor
     00000001  b_actor_set_frames                 actor
     00000001  b_actors_handle_player_collision   actor
     00000001  b_actors_init                      actor
     00000001  b_camera_init                      camera
     00000001  b_camera_reset                     camera
     00000001  b_check_collision_in_direction     actor
     00000001  b_deactivate_actor                 actor
     00000001  b_parallax_init                    parallax
     00000001  b_player_init                      actor
     00000001  b_remove_LCD_ISRs                  interrupts
     00000001  b_scroll_init                      scroll
     00000001  b_scroll_repaint                   scroll
     00000001  b_scroll_reset                     scroll
     00000001  b_scroll_update                    scroll
     00000001  b_ui_draw_frame                    ui
     00000001  b_ui_draw_text_buffer_char         ui
     00000001  b_ui_init                          ui
     00000001  b_ui_load_tiles                    ui
     00000001  b_ui_run_menu                      ui
     00000001  b_ui_run_modal                     ui
     00000001  l__GSFINAL                      
     00000001  l__HEADER0                      
     00000001  l__HEADER11                     
     00000001  l__HEADER9                      
     00000001  l__HEADERa                      
     00000001  l__HEADERb                      
     00000001  l__HEADERd                      
     00000001  l__HEADERe                      
     00000002  b_camera_shake_frames              vm_camera
     00000002  b_itoa_fmt                         vm_ui_a
     00000002  b_script_execute                   vm
     00000002  b_script_runner_init               vm
     00000002  b_script_terminate                 vm
     00000002  b_scroll_rect                      
     00000002  b_vm_actor_activate                vm_actor
     00000002  b_vm_actor_deactivate              vm_actor
     00000002  b_vm_actor_emote                   vm_actor
     00000002  b_vm_actor_get_angle               vm_actor
     00000002  b_vm_actor_get_anim_frame          vm_actor
ASxxxx Linker V03.00 + NoICE + sdld,  page 3.
Hexadecimal  [32-Bits]

Area                                    Addr        Size        Decimal Bytes (Attributes)
--------------------------------        ----        ----        ------- ----- ------------
.  .ABS.                            00000000    00000000 =           0. bytes (ABS,CON)

      Value  Global                              Global Defined In Module
      -----  --------------------------------   ------------------------
     00000002  b_vm_actor_get_dir                 vm_actor
     00000002  b_vm_actor_get_pos                 vm_actor
     00000002  b_vm_actor_move_to                 vm_actor
     00000002  b_vm_actor_replace_tile            vm_actor
     00000002  b_vm_actor_set_anim                vm_actor
     00000002  b_vm_actor_set_anim_frame          vm_actor
     00000002  b_vm_actor_set_anim_set            vm_actor
     00000002  b_vm_actor_set_anim_tick           vm_actor
     00000002  b_vm_actor_set_bounds              vm_actor
     00000002  b_vm_actor_set_coll_enabled        vm_actor
     00000002  b_vm_actor_set_dir                 vm_actor
     00000002  b_vm_actor_set_hidden              vm_actor
     00000002  b_vm_actor_set_move_speed          vm_actor
     00000002  b_vm_actor_set_pos                 vm_actor
     00000002  b_vm_actor_set_spritesheet         vm_actor
     00000002  b_vm_actor_set_spritesheet_by_re   vm_actor
     00000002  b_vm_actor_terminate_update        vm_actor
     00000002  b_vm_call                          vm
     00000002  b_vm_call_far                      vm
     00000002  b_vm_call_rel                      vm
     00000002  b_vm_camera_move_to                vm_camera
     00000002  b_vm_camera_set_pos                vm_camera
     00000002  b_vm_choice                        vm_ui
     00000002  b_vm_context_prepare               vm_gameboy
     00000002  b_vm_cos_scale                     vm_math
     00000002  b_vm_display_text                  vm_ui
     00000002  b_vm_fade                          vm_gameboy
     00000002  b_vm_get_indirect                  vm
     00000002  b_vm_get_int16                     vm
     00000002  b_vm_get_int8                      vm
     00000002  b_vm_get_tile_xy                   vm_gameboy
     00000002  b_vm_get_tlocal                    vm
     00000002  b_vm_get_uint8                     vm
     00000002  b_vm_idle                          vm
     00000002  b_vm_if                            vm
     00000002  b_vm_if_const                      vm
     00000002  b_vm_input_attach                  vm_gameboy
     00000002  b_vm_input_detach                  vm_gameboy
     00000002  b_vm_input_get                     vm_gameboy
     00000002  b_vm_input_wait                    vm_gameboy
     00000002  b_vm_invoke                        vm
     00000002  b_vm_join                          vm
     00000002  b_vm_jump                          vm
     00000002  b_vm_jump_rel                      vm
     00000002  b_vm_load_cursor                   vm_ui
     00000002  b_vm_load_frame                    vm_ui
     00000002  b_vm_load_palette                  vm_palette
     00000002  b_vm_lock                          vm
     00000002  b_vm_loop                          vm
     00000002  b_vm_loop_rel                      vm
     00000002  b_vm_memcpy                        vm
ASxxxx Linker V03.00 + NoICE + sdld,  page 4.
Hexadecimal  [32-Bits]

Area                                    Addr        Size        Decimal Bytes (Attributes)
--------------------------------        ----        ----        ------- ----- ------------
.  .ABS.                            00000000    00000000 =           0. bytes (ABS,CON)

      Value  Global                              Global Defined In Module
      -----  --------------------------------   ------------------------
     00000002  b_vm_memset                        vm
     00000002  b_vm_music_mute                    vm_music
     00000002  b_vm_music_play                    vm_music
     00000002  b_vm_music_routine                 vm_music
     00000002  b_vm_music_setpos                  vm_music
     00000002  b_vm_music_stop                    vm_music
     00000002  b_vm_overlay_clear                 vm_ui
     00000002  b_vm_overlay_hide                  vm_ui
     00000002  b_vm_overlay_move_to               vm_ui
     00000002  b_vm_overlay_scroll                vm_ui
     00000002  b_vm_overlay_set_scroll            vm_ui
     00000002  b_vm_overlay_set_submap            vm_ui
     00000002  b_vm_overlay_setpos                vm_ui
     00000002  b_vm_overlay_show                  vm_ui
     00000002  b_vm_overlay_wait                  vm_ui
     00000002  b_vm_poll                          vm_gameboy
     00000002  b_vm_poll_loaded                   vm
     00000002  b_vm_pop                           vm
     00000002  b_vm_projectile_launch             vm_projectiles
     00000002  b_vm_push                          vm
     00000002  b_vm_push_reference                vm
     00000002  b_vm_push_value                    vm
     00000002  b_vm_push_value_ind                vm
     00000002  b_vm_raise                         vm
     00000002  b_vm_rand                          vm
     00000002  b_vm_randomize                     vm
     00000002  b_vm_replace_tile                  vm_gameboy
     00000002  b_vm_replace_tile_xy               vm_gameboy
     00000002  b_vm_reserve                       vm
     00000002  b_vm_ret                           vm
     00000002  b_vm_ret_far                       vm
     00000002  b_vm_rtc_get                       vm_rtc
     00000002  b_vm_rtc_latch                     vm_rtc
     00000002  b_vm_rtc_set                       vm_rtc
     00000002  b_vm_rtc_start                     vm_rtc
     00000002  b_vm_rumble                        vm_gameboy
     00000002  b_vm_save_clear                    vm_load_save
     00000002  b_vm_save_peek                     vm_load_save
     00000002  b_vm_scene_pop                     vm_scene
     00000002  b_vm_scene_pop_all                 vm_scene
     00000002  b_vm_scene_push                    vm_scene
     00000002  b_vm_scene_stack_reset             vm_scene
     00000002  b_vm_set                           vm
     00000002  b_vm_set_const                     vm
     00000002  b_vm_set_const_int16               vm
     00000002  b_vm_set_const_int8                vm
     00000002  b_vm_set_font                      vm_ui
     00000002  b_vm_set_indirect                  vm
     00000002  b_vm_set_int16                     vm
     00000002  b_vm_set_int8                      vm
     00000002  b_vm_set_print_dir                 vm_ui
ASxxxx Linker V03.00 + NoICE + sdld,  page 5.
Hexadecimal  [32-Bits]

Area                                    Addr        Size        Decimal Bytes (Attributes)
--------------------------------        ----        ----        ------- ----- ------------
.  .ABS.                            00000000    00000000 =           0. bytes (ABS,CON)

      Value  Global                              Global Defined In Module
      -----  --------------------------------   ------------------------
     00000002  b_vm_set_sprite_mode               vm_gameboy
     00000002  b_vm_set_sprites_visible           vm_gameboy
     00000002  b_vm_set_text_sound                vm_ui
     00000002  b_vm_set_uint8                     vm
     00000002  b_vm_sin_scale                     vm_math
     00000002  b_vm_sio_exchange                  vm_sio
     00000002  b_vm_sio_set_mode                  vm_sio
     00000002  b_vm_sound_mastervol               vm_music
     00000002  b_vm_sound_play                    vm_music
     00000002  b_vm_switch_text_layer             vm_ui
     00000002  b_vm_systime                       vm
     00000002  b_vm_terminate                     vm
     00000002  b_vm_test_terminate                vm
     00000002  b_vm_timer_prepare                 vm_gameboy
     00000002  b_vm_timer_reset                   vm_gameboy
     00000002  b_vm_timer_set                     vm_gameboy
     00000002  b_vm_timer_stop                    vm_gameboy
     00000002  b_vm_unlock                        vm
     00000002  b_vm_wave_play                     vm_music
     00000002  b_wait_frames                      vm
     00000002  l__HEADER5                      
     00000002  l__HEADERc                      
     00000002  l__HEADERf                      
     00000003  b_adventure_init                   adventure
     00000003  b_adventure_update                 adventure
     00000003  b_logo_init                        logo
     00000003  b_logo_update                      logo
     00000003  b_platform_init                    platform
     00000003  b_platform_update                  platform
     00000003  b_pointnclick_init                 pointnclick
     00000003  b_pointnclick_update               pointnclick
     00000003  b_shmup_init                       shmup
     00000003  b_shmup_update                     shmup
     00000003  b_topdown_init                     topdown
     00000003  b_topdown_update                   topdown
     00000003  l__HEADER8                      
     00000003  l__HEADER_LCD0                  
     00000003  l__HRAM12                       
     00000004  b_SIO_init                         sio
     00000004  b_core_reset                       core
     00000004  b_core_run                         core
     00000004  b_data_clear                       load_save
     00000004  b_data_init                        load_save
     00000004  b_data_load                        load_save
     00000004  b_data_peek                        load_save
     00000004  b_data_save                        load_save
     00000004  b_do_load_palette                  data_manager
     00000004  b_events_init                      events
     00000004  b_fade_applypalettechange          fade_manager
     00000004  b_fade_in                          fade_manager
     00000004  b_fade_in_modal                    fade_manager
ASxxxx Linker V03.00 + NoICE + sdld,  page 6.
Hexadecimal  [32-Bits]

Area                                    Addr        Size        Decimal Bytes (Attributes)
--------------------------------        ----        ----        ------- ----- ------------
.  .ABS.                            00000000    00000000 =           0. bytes (ABS,CON)

      Value  Global                              Global Defined In Module
      -----  --------------------------------   ------------------------
     00000004  b_fade_init                        fade_manager
     00000004  b_fade_out                         fade_manager
     00000004  b_fade_out_modal                   fade_manager
     00000004  b_fade_setspeed                    fade_manager
     00000004  b_fade_update                      fade_manager
     00000004  b_input_init                       input
     00000004  b_load_background                  data_manager
     00000004  b_load_bkg_tileset                 data_manager
     00000004  b_load_bounds                      data_manager
     00000004  b_load_emote                       data_manager
     00000004  b_load_init                        data_manager
     00000004  b_load_player                      data_manager
     00000004  b_load_scene                       data_manager
     00000004  b_load_sprite                      data_manager
     00000004  b_music_events_poll                music_manager
     00000004  b_music_init                       music_manager
     00000004  b_music_stop                       music_manager
     00000004  b_palette_init                     palette
     00000004  b_projectile_launch                projectiles
     00000004  b_projectiles_init                 projectiles
     00000004  b_restore_sram                     flasher
     00000004  b_restore_sram_bank                flasher
     00000004  b_save_sram                        flasher
     00000004  b_set_sample                       sample_player
     00000004  b_set_sgb_border                   sgb_border
     00000004  b_sound_init                       music_manager
     00000004  b_sound_play                       music_manager
     00000004  b_timers_init                      events
     00000004  b_trigger_activate_at              trigger
     00000004  b_trigger_activate_at_intersecti   trigger
     00000004  b_trigger_at_intersection          trigger
     00000004  b_trigger_at_tile                  trigger
     00000004  b_trigger_interact                 trigger
     00000004  b_trigger_reset                    trigger
     00000004  b_wave_play                        music_manager
     00000004  l__CRASH_HEADER1                
     00000004  l__HEADER_SIO0                  
     00000004  l__HEADER_TIMER0                
     00000005  ___bank_font_0                     font_0
     00000005  ___bank_palette_0                  palette_0
     00000005  ___bank_palette_1                  palette_1
     00000005  ___bank_script_input_14            script_input_14
     00000005  ___bank_tileset_1                  tileset_1
     00000005  ___bank_tileset_12                 tileset_12
     00000005  ___bank_tileset_2                  tileset_2
     00000005  ___bank_tileset_51                 tileset_51
     00000005  l__CRASH_HEADER0                
     00000005  l__HEADER1                      
     00000006  ___bank_script_input_31            script_input_31
     00000006  ___bank_tileset_18                 tileset_18
     00000006  ___bank_tileset_30                 tileset_30
ASxxxx Linker V03.00 + NoICE + sdld,  page 7.
Hexadecimal  [32-Bits]

Area                                    Addr        Size        Decimal Bytes (Attributes)
--------------------------------        ----        ----        ------- ----- ------------
.  .ABS.                            00000000    00000000 =           0. bytes (ABS,CON)

      Value  Global                              Global Defined In Module
      -----  --------------------------------   ------------------------
     00000006  ___bank_tileset_35                 tileset_35
     00000006  ___bank_tileset_37                 tileset_37
     00000006  l__HEADER7                      
     00000007  ___bank_cursor_image               cursor_image
     00000007  ___bank_tileset_29                 tileset_29
     00000007  ___bank_tileset_39                 tileset_39
     00000007  ___bank_tileset_4                  tileset_4
     00000007  ___bank_tileset_9                  tileset_9
     00000007  l__HEADER2                      
     00000008  ___bank_scene_18_collisions        scene_18_collisions
     00000008  ___bank_script_input_20            script_input_20
     00000008  ___bank_script_s10_init            script_s10_init
     00000008  ___bank_tileset_22                 tileset_22
     00000008  ___bank_tileset_42                 tileset_42
     00000008  ___bank_tileset_45                 tileset_45
     00000008  l__HEADER3                      
     00000009  ___bank_background_0               background_0
     00000009  ___bank_script_input_73            script_input_73
     00000009  ___bank_tilemap_40                 tilemap_40
     00000009  ___bank_tileset_14                 tileset_14
     00000009  ___bank_tileset_23                 tileset_23
     00000009  ___bank_tileset_50                 tileset_50
     00000009  ___bank_tileset_7                  tileset_7
     0000000A  ___bank_scene_0_collisions         scene_0_collisions
     0000000A  ___bank_script_input_42            script_input_42
     0000000A  ___bank_tileset_0                  tileset_0
     0000000A  ___bank_tileset_16                 tileset_16
     0000000A  ___bank_tileset_33                 tileset_33
     0000000A  ___bank_tileset_40                 tileset_40
     0000000A  ___bank_tileset_41                 tileset_41
     0000000A  ___bank_tileset_8                  tileset_8
     0000000B  ___bank_tileset_20                 tileset_20
     0000000B  ___bank_tileset_3                  tileset_3
     0000000B  ___bank_tileset_31                 tileset_31
     0000000B  ___bank_tileset_36                 tileset_36
     0000000B  ___bank_tileset_5                  tileset_5
     0000000B  ___bank_tileset_6                  tileset_6
     0000000C  ___bank_background_1               background_1
     0000000C  ___bank_scene_1_collisions         scene_1_collisions
     0000000C  ___bank_script_input_71            script_input_71
     0000000C  ___bank_tileset_11                 tileset_11
     0000000C  ___bank_tileset_19                 tileset_19
     0000000C  ___bank_tileset_27                 tileset_27
     0000000C  ___bank_tileset_43                 tileset_43
     0000000C  ___bank_tileset_44                 tileset_44
     0000000C  ___bank_tileset_47                 tileset_47
     0000000D  ___bank_scene_10_collisions        scene_10_collisions
     0000000D  ___bank_script_s11_init            script_s11_init
     0000000D  ___bank_tileset_13                 tileset_13
     0000000D  ___bank_tileset_17                 tileset_17
     0000000D  ___bank_tileset_21                 tileset_21
ASxxxx Linker V03.00 + NoICE + sdld,  page 8.
Hexadecimal  [32-Bits]

Area                                    Addr        Size        Decimal Bytes (Attributes)
--------------------------------        ----        ----        ------- ----- ------------
.  .ABS.                            00000000    00000000 =           0. bytes (ABS,CON)

      Value  Global                              Global Defined In Module
      -----  --------------------------------   ------------------------
     0000000D  ___bank_tileset_25                 tileset_25
     0000000D  ___bank_tileset_28                 tileset_28
     0000000D  ___bank_tileset_46                 tileset_46
     0000000D  ___bank_tileset_48                 tileset_48
     0000000E  ___bank_scene_11_collisions        scene_11_collisions
     0000000E  ___bank_scene_12_collisions        scene_12_collisions
     0000000E  ___bank_script_input_61            script_input_61
     0000000E  ___bank_tileset_10                 tileset_10
     0000000E  ___bank_tileset_15                 tileset_15
     0000000E  ___bank_tileset_24                 tileset_24
     0000000E  ___bank_tileset_26                 tileset_26
     0000000E  ___bank_tileset_32                 tileset_32
     0000000E  ___bank_tileset_38                 tileset_38
     0000000E  ___bank_tileset_49                 tileset_49
     0000000F  ___bank_scene_13_collisions        scene_13_collisions
     0000000F  ___bank_scene_14_collisions        scene_14_collisions
     0000000F  ___bank_scene_15_collisions        scene_15_collisions
     0000000F  ___bank_scene_16_collisions        scene_16_collisions
     0000000F  ___bank_scene_17_collisions        scene_17_collisions
     0000000F  ___bank_scene_19_collisions        scene_19_collisions
     0000000F  ___bank_scene_20_collisions        scene_20_collisions
     0000000F  ___bank_scene_21_collisions        scene_21_collisions
     0000000F  ___bank_scene_22_collisions        scene_22_collisions
     0000000F  ___bank_scene_23_collisions        scene_23_collisions
     0000000F  ___bank_scene_24_collisions        scene_24_collisions
     0000000F  ___bank_scene_25_collisions        scene_25_collisions
     0000000F  ___bank_scene_26_collisions        scene_26_collisions
     0000000F  ___bank_scene_27_collisions        scene_27_collisions
     0000000F  ___bank_scene_28_collisions        scene_28_collisions
     0000000F  ___bank_scene_29_collisions        scene_29_collisions
     0000000F  ___bank_scene_2_collisions         scene_2_collisions
     0000000F  ___bank_scene_30_collisions        scene_30_collisions
     0000000F  ___bank_scene_31_collisions        scene_31_collisions
     0000000F  ___bank_scene_32_collisions        scene_32_collisions
     0000000F  ___bank_scene_33_collisions        scene_33_collisions
     0000000F  ___bank_scene_34_collisions        scene_34_collisions
     0000000F  ___bank_scene_35_collisions        scene_35_collisions
     0000000F  ___bank_scene_36_collisions        scene_36_collisions
     0000000F  ___bank_scene_37_collisions        scene_37_collisions
     0000000F  ___bank_scene_38_collisions        scene_38_collisions
     0000000F  ___bank_scene_39_collisions        scene_39_collisions
     0000000F  ___bank_scene_3_collisions         scene_3_collisions
     0000000F  ___bank_scene_40_collisions        scene_40_collisions
     0000000F  ___bank_scene_41_collisions        scene_41_collisions
     0000000F  ___bank_scene_42_collisions        scene_42_collisions
     0000000F  ___bank_scene_43_collisions        scene_43_collisions
     0000000F  ___bank_scene_44_collisions        scene_44_collisions
     0000000F  ___bank_scene_45_collisions        scene_45_collisions
     0000000F  ___bank_scene_46_collisions        scene_46_collisions
     0000000F  ___bank_scene_47_collisions        scene_47_collisions
     0000000F  ___bank_scene_48_collisions        scene_48_collisions
ASxxxx Linker V03.00 + NoICE + sdld,  page 9.
Hexadecimal  [32-Bits]

Area                                    Addr        Size        Decimal Bytes (Attributes)
--------------------------------        ----        ----        ------- ----- ------------
.  .ABS.                            00000000    00000000 =           0. bytes (ABS,CON)

      Value  Global                              Global Defined In Module
      -----  --------------------------------   ------------------------
     0000000F  ___bank_scene_49_collisions        scene_49_collisions
     0000000F  ___bank_scene_4_collisions         scene_4_collisions
     0000000F  ___bank_scene_50_collisions        scene_50_collisions
     0000000F  ___bank_scene_5_collisions         scene_5_collisions
     0000000F  ___bank_script_input_41            script_input_41
     0000000F  ___bank_script_s1_init             script_s1_init
     0000000F  ___bank_tileset_34                 tileset_34
     00000010  ___bank_background_10              background_10
     00000010  ___bank_scene_51_collisions        scene_51_collisions
     00000010  ___bank_scene_52_collisions        scene_52_collisions
     00000010  ___bank_scene_6_collisions         scene_6_collisions
     00000010  ___bank_scene_7_collisions         scene_7_collisions
     00000010  ___bank_scene_8_collisions         scene_8_collisions
     00000010  ___bank_scene_9_collisions         scene_9_collisions
     00000010  ___bank_script_input_62            script_input_62
     00000010  ___bank_tilemap_0                  tilemap_0
     00000010  ___bank_tilemap_1                  tilemap_1
     00000010  ___bank_tilemap_10                 tilemap_10
     00000010  ___bank_tilemap_11                 tilemap_11
     00000010  ___bank_tilemap_12                 tilemap_12
     00000010  ___bank_tilemap_13                 tilemap_13
     00000010  ___bank_tilemap_14                 tilemap_14
     00000010  ___bank_tilemap_15                 tilemap_15
     00000010  ___bank_tilemap_16                 tilemap_16
     00000010  ___bank_tilemap_17                 tilemap_17
     00000010  ___bank_tilemap_18                 tilemap_18
     00000010  ___bank_tilemap_19                 tilemap_19
     00000010  ___bank_tilemap_2                  tilemap_2
     00000010  ___bank_tilemap_20                 tilemap_20
     00000010  ___bank_tilemap_21                 tilemap_21
     00000010  ___bank_tilemap_22                 tilemap_22
     00000010  ___bank_tilemap_23                 tilemap_23
     00000010  ___bank_tilemap_24                 tilemap_24
     00000010  ___bank_tilemap_25                 tilemap_25
     00000010  ___bank_tilemap_26                 tilemap_26
     00000010  ___bank_tilemap_27                 tilemap_27
     00000010  ___bank_tilemap_28                 tilemap_28
     00000010  ___bank_tilemap_29                 tilemap_29
     00000010  ___bank_tilemap_3                  tilemap_3
     00000010  ___bank_tilemap_30                 tilemap_30
     00000010  ___bank_tilemap_31                 tilemap_31
     00000010  ___bank_tilemap_32                 tilemap_32
     00000010  ___bank_tilemap_33                 tilemap_33
     00000010  ___bank_tilemap_34                 tilemap_34
     00000010  ___bank_tilemap_35                 tilemap_35
     00000010  ___bank_tilemap_36                 tilemap_36
     00000010  ___bank_tilemap_37                 tilemap_37
     00000010  ___bank_tilemap_38                 tilemap_38
     00000010  ___bank_tilemap_39                 tilemap_39
     00000010  ___bank_tilemap_4                  tilemap_4
     00000010  ___bank_tilemap_41                 tilemap_41
ASxxxx Linker V03.00 + NoICE + sdld,  page 10.
Hexadecimal  [32-Bits]

Area                                    Addr        Size        Decimal Bytes (Attributes)
--------------------------------        ----        ----        ------- ----- ------------
.  .ABS.                            00000000    00000000 =           0. bytes (ABS,CON)

      Value  Global                              Global Defined In Module
      -----  --------------------------------   ------------------------
     00000010  ___bank_tilemap_42                 tilemap_42
     00000010  ___bank_tilemap_43                 tilemap_43
     00000010  ___bank_tilemap_44                 tilemap_44
     00000010  l__INITIALIZED                  
     00000010  l__INITIALIZER                  
     00000011  ___bank_background_11              background_11
     00000011  ___bank_background_12              background_12
     00000011  ___bank_background_13              background_13
     00000011  ___bank_background_14              background_14
     00000011  ___bank_background_15              background_15
     00000011  ___bank_background_16              background_16
     00000011  ___bank_background_17              background_17
     00000011  ___bank_background_18              background_18
     00000011  ___bank_background_19              background_19
     00000011  ___bank_background_2               background_2
     00000011  ___bank_background_20              background_20
     00000011  ___bank_background_21              background_21
     00000011  ___bank_background_22              background_22
     00000011  ___bank_background_23              background_23
     00000011  ___bank_background_24              background_24
     00000011  ___bank_background_25              background_25
     00000011  ___bank_background_26              background_26
     00000011  ___bank_background_27              background_27
     00000011  ___bank_background_28              background_28
     00000011  ___bank_background_29              background_29
     00000011  ___bank_background_3               background_3
     00000011  ___bank_background_30              background_30
     00000011  ___bank_background_31              background_31
     00000011  ___bank_background_32              background_32
     00000011  ___bank_background_33              background_33
     00000011  ___bank_background_34              background_34
     00000011  ___bank_background_35              background_35
     00000011  ___bank_background_36              background_36
     00000011  ___bank_background_37              background_37
     00000011  ___bank_background_38              background_38
     00000011  ___bank_background_39              background_39
     00000011  ___bank_background_4               background_4
     00000011  ___bank_background_40              background_40
     00000011  ___bank_background_41              background_41
     00000011  ___bank_background_42              background_42
     00000011  ___bank_background_43              background_43
     00000011  ___bank_background_44              background_44
     00000011  ___bank_background_45              background_45
     00000011  ___bank_background_46              background_46
     00000011  ___bank_background_47              background_47
     00000011  ___bank_background_48              background_48
     00000011  ___bank_background_49              background_49
     00000011  ___bank_background_5               background_5
     00000011  ___bank_background_50              background_50
     00000011  ___bank_background_51              background_51
     00000011  ___bank_background_52              background_52
ASxxxx Linker V03.00 + NoICE + sdld,  page 11.
Hexadecimal  [32-Bits]

Area                                    Addr        Size        Decimal Bytes (Attributes)
--------------------------------        ----        ----        ------- ----- ------------
.  .ABS.                            00000000    00000000 =           0. bytes (ABS,CON)

      Value  Global                              Global Defined In Module
      -----  --------------------------------   ------------------------
     00000011  ___bank_background_6               background_6
     00000011  ___bank_background_7               background_7
     00000011  ___bank_background_8               background_8
     00000011  ___bank_background_9               background_9
     00000011  ___bank_bootstrap_script           
     00000011  ___bank_frame_image                frame_image
     00000011  ___bank_scene_0                    scene_0
     00000011  ___bank_scene_1                    scene_1
     00000011  ___bank_scene_10                   scene_10
     00000011  ___bank_scene_11                   scene_11
     00000011  ___bank_scene_12                   scene_12
     00000011  ___bank_scene_13                   scene_13
     00000011  ___bank_scene_14                   scene_14
     00000011  ___bank_scene_15                   scene_15
     00000011  ___bank_scene_16                   scene_16
     00000011  ___bank_scene_17                   scene_17
     00000011  ___bank_scene_18                   scene_18
     00000011  ___bank_scene_19                   scene_19
     00000011  ___bank_scene_2                    scene_2
     00000011  ___bank_scene_20                   scene_20
     00000011  ___bank_scene_21                   scene_21
     00000011  ___bank_scene_22                   scene_22
     00000011  ___bank_scene_23                   scene_23
     00000011  ___bank_scene_24                   scene_24
     00000011  ___bank_scene_25                   scene_25
     00000011  ___bank_scene_26                   scene_26
     00000011  ___bank_scene_27                   scene_27
     00000011  ___bank_scene_28                   scene_28
     00000011  ___bank_scene_29                   scene_29
     00000011  ___bank_scene_3                    scene_3
     00000011  ___bank_scene_30                   scene_30
     00000011  ___bank_scene_31                   scene_31
     00000011  ___bank_scene_32                   scene_32
     00000011  ___bank_scene_33                   scene_33
     00000011  ___bank_scene_34                   scene_34
     00000011  ___bank_scene_35                   scene_35
     00000011  ___bank_scene_36                   scene_36
     00000011  ___bank_scene_37                   scene_37
     00000011  ___bank_scene_38                   scene_38
     00000011  ___bank_scene_39                   scene_39
     00000011  ___bank_scene_4                    scene_4
     00000011  ___bank_scene_40                   scene_40
     00000011  ___bank_scene_41                   scene_41
     00000011  ___bank_scene_42                   scene_42
     00000011  ___bank_scene_43                   scene_43
     00000011  ___bank_scene_44                   scene_44
     00000011  ___bank_scene_45                   scene_45
     00000011  ___bank_scene_46                   scene_46
     00000011  ___bank_scene_47                   scene_47
     00000011  ___bank_scene_48                   scene_48
     00000011  ___bank_scene_49                   scene_49
ASxxxx Linker V03.00 + NoICE + sdld,  page 12.
Hexadecimal  [32-Bits]

Area                                    Addr        Size        Decimal Bytes (Attributes)
--------------------------------        ----        ----        ------- ----- ------------
.  .ABS.                            00000000    00000000 =           0. bytes (ABS,CON)

      Value  Global                              Global Defined In Module
      -----  --------------------------------   ------------------------
     00000011  ___bank_scene_5                    scene_5
     00000011  ___bank_scene_50                   scene_50
     00000011  ___bank_scene_51                   scene_51
     00000011  ___bank_scene_52                   scene_52
     00000011  ___bank_scene_6                    scene_6
     00000011  ___bank_scene_7                    scene_7
     00000011  ___bank_scene_8                    scene_8
     00000011  ___bank_scene_9                    scene_9
     00000011  ___bank_script_engine_init         
     00000011  ___bank_script_input_0             script_input_0
     00000011  ___bank_script_input_1             script_input_1
     00000011  ___bank_script_input_10            script_input_10
     00000011  ___bank_script_input_11            script_input_11
     00000011  ___bank_script_input_12            script_input_12
     00000011  ___bank_script_input_13            script_input_13
     00000011  ___bank_script_input_15            script_input_15
     00000011  ___bank_script_input_16            script_input_16
     00000011  ___bank_script_input_17            script_input_17
     00000011  ___bank_script_input_18            script_input_18
     00000011  ___bank_script_input_19            script_input_19
     00000011  ___bank_script_input_2             script_input_2
     00000011  ___bank_script_input_21            script_input_21
     00000011  ___bank_script_input_22            script_input_22
     00000011  ___bank_script_input_23            script_input_23
     00000011  ___bank_script_input_24            script_input_24
     00000011  ___bank_script_input_25            script_input_25
     00000011  ___bank_script_input_26            script_input_26
     00000011  ___bank_script_input_27            script_input_27
     00000011  ___bank_script_input_28            script_input_28
     00000011  ___bank_script_input_29            script_input_29
     00000011  ___bank_script_input_3             script_input_3
     00000011  ___bank_script_input_30            script_input_30
     00000011  ___bank_script_input_32            script_input_32
     00000011  ___bank_script_input_33            script_input_33
     00000011  ___bank_script_input_34            script_input_34
     00000011  ___bank_script_input_35            script_input_35
     00000011  ___bank_script_input_36            script_input_36
     00000011  ___bank_script_input_37            script_input_37
     00000011  ___bank_script_input_38            script_input_38
     00000011  ___bank_script_input_39            script_input_39
     00000011  ___bank_script_input_4             script_input_4
     00000011  ___bank_script_input_40            script_input_40
     00000011  ___bank_script_input_43            script_input_43
     00000011  ___bank_script_input_44            script_input_44
     00000011  ___bank_script_input_45            script_input_45
     00000011  ___bank_script_input_46            script_input_46
     00000011  ___bank_script_input_47            script_input_47
     00000011  ___bank_script_input_48            script_input_48
     00000011  ___bank_script_input_49            script_input_49
     00000011  ___bank_script_input_5             script_input_5
     00000011  ___bank_script_input_50            script_input_50
ASxxxx Linker V03.00 + NoICE + sdld,  page 13.
Hexadecimal  [32-Bits]

Area                                    Addr        Size        Decimal Bytes (Attributes)
--------------------------------        ----        ----        ------- ----- ------------
.  .ABS.                            00000000    00000000 =           0. bytes (ABS,CON)

      Value  Global                              Global Defined In Module
      -----  --------------------------------   ------------------------
     00000011  ___bank_script_input_51            script_input_51
     00000011  ___bank_script_input_52            script_input_52
     00000011  ___bank_script_input_53            script_input_53
     00000011  ___bank_script_input_54            script_input_54
     00000011  ___bank_script_input_55            script_input_55
     00000011  ___bank_script_input_56            script_input_56
     00000011  ___bank_script_input_57            script_input_57
     00000011  ___bank_script_input_58            script_input_58
     00000011  ___bank_script_input_59            script_input_59
     00000011  ___bank_script_input_6             script_input_6
     00000011  ___bank_script_input_60            script_input_60
     00000011  ___bank_script_input_63            script_input_63
     00000011  ___bank_script_input_64            script_input_64
     00000011  ___bank_script_input_65            script_input_65
     00000011  ___bank_script_input_66            script_input_66
     00000011  ___bank_script_input_67            script_input_67
     00000011  ___bank_script_input_68            script_input_68
     00000011  ___bank_script_input_69            script_input_69
     00000011  ___bank_script_input_7             script_input_7
     00000011  ___bank_script_input_70            script_input_70
     00000011  ___bank_script_input_72            script_input_72
     00000011  ___bank_script_input_74            script_input_74
     00000011  ___bank_script_input_75            script_input_75
     00000011  ___bank_script_input_76            script_input_76
     00000011  ___bank_script_input_77            script_input_77
     00000011  ___bank_script_input_78            script_input_78
     00000011  ___bank_script_input_8             script_input_8
     00000011  ___bank_script_input_9             script_input_9
     00000011  ___bank_script_s0_init             script_s0_init
     00000011  ___bank_script_s12_init            script_s12_init
     00000011  ___bank_script_s13_init            script_s13_init
     00000011  ___bank_script_s14_init            script_s14_init
     00000011  ___bank_script_s15_init            script_s15_init
     00000011  ___bank_script_s16_init            script_s16_init
     00000011  ___bank_script_s17_init            script_s17_init
     00000011  ___bank_script_s18_init            script_s18_init
     00000011  ___bank_script_s19_init            script_s19_init
     00000011  ___bank_script_s20_init            script_s20_init
     00000011  ___bank_script_s21_init            script_s21_init
     00000011  ___bank_script_s22_init            script_s22_init
     00000011  ___bank_script_s23_init            script_s23_init
     00000011  ___bank_script_s24_init            script_s24_init
     00000011  ___bank_script_s25_init            script_s25_init
     00000011  ___bank_script_s26_init            script_s26_init
     00000011  ___bank_script_s27_init            script_s27_init
     00000011  ___bank_script_s28_init            script_s28_init
     00000011  ___bank_script_s29_init            script_s29_init
     00000011  ___bank_script_s2_init             script_s2_init
     00000011  ___bank_script_s30_init            script_s30_init
     00000011  ___bank_script_s31_init            script_s31_init
     00000011  ___bank_script_s32_init            script_s32_init
ASxxxx Linker V03.00 + NoICE + sdld,  page 14.
Hexadecimal  [32-Bits]

Area                                    Addr        Size        Decimal Bytes (Attributes)
--------------------------------        ----        ----        ------- ----- ------------
.  .ABS.                            00000000    00000000 =           0. bytes (ABS,CON)

      Value  Global                              Global Defined In Module
      -----  --------------------------------   ------------------------
     00000011  ___bank_script_s33_init            script_s33_init
     00000011  ___bank_script_s34_init            script_s34_init
     00000011  ___bank_script_s35_init            script_s35_init
     00000011  ___bank_script_s36_init            script_s36_init
     00000011  ___bank_script_s37_init            script_s37_init
     00000011  ___bank_script_s38_init            script_s38_init
     00000011  ___bank_script_s39_init            script_s39_init
     00000011  ___bank_script_s3_init             script_s3_init
     00000011  ___bank_script_s40_init            script_s40_init
     00000011  ___bank_script_s41_init            script_s41_init
     00000011  ___bank_script_s42_init            script_s42_init
     00000011  ___bank_script_s43_init            script_s43_init
     00000011  ___bank_script_s44_init            script_s44_init
     00000011  ___bank_script_s45_init            script_s45_init
     00000011  ___bank_script_s46_init            script_s46_init
     00000011  ___bank_script_s47_init            script_s47_init
     00000011  ___bank_script_s48_init            script_s48_init
     00000011  ___bank_script_s49_init            script_s49_init
     00000011  ___bank_script_s4_init             script_s4_init
     00000011  ___bank_script_s50_init            script_s50_init
     00000011  ___bank_script_s51_init            script_s51_init
     00000011  ___bank_script_s52_init            script_s52_init
     00000011  ___bank_script_s5_init             script_s5_init
     00000011  ___bank_script_s6_init             script_s6_init
     00000011  ___bank_script_s7_init             script_s7_init
     00000011  ___bank_script_s8_init             script_s8_init
     00000011  ___bank_script_s9_init             script_s9_init
     00000011  ___bank_spritesheet_0              spritesheet_0
     00000011  ___bank_spritesheet_none           spritesheet_none
     00000011  ___bank_tilemap_5                  tilemap_5
     00000011  ___bank_tilemap_6                  tilemap_6
     00000011  ___bank_tilemap_7                  tilemap_7
     00000011  ___bank_tilemap_8                  tilemap_8
     00000011  ___bank_tilemap_9                  tilemap_9
     0000001C  __start_save                    
     0000002D  l__GSINIT                       
     00000030  l__HEADER6                      
     0000004E  l__HEADER4                      
     00000082  l__HEADER10                     
     000001CB  l__CRASH_SCRATCH2               
     00000200  s__CODE                         
     00000B10  l__CODE                         
     00000D10  s__HOME                         
     00001902  l__DATA                         
     00002000  _rROMB0                            
     00002707  l__HOME                         
     00002795  l__CODE_4                       
     000027BF  l__CODE_1                       
     00002A11  l__CODE_3                       
     00003000  _rROMB1                            
     000030FC  l__CODE_17                      
ASxxxx Linker V03.00 + NoICE + sdld,  page 15.
Hexadecimal  [32-Bits]

Area                                    Addr        Size        Decimal Bytes (Attributes)
--------------------------------        ----        ----        ------- ----- ------------
.  .ABS.                            00000000    00000000 =           0. bytes (ABS,CON)

      Value  Global                              Global Defined In Module
      -----  --------------------------------   ------------------------
     00003417  s__BASE                         
     00003417  s__CODE_0                       
     00003417  s__INITIALIZER                  
     00003417  s__LIT                          
     00003427  s__GSINIT                       
     00003454  s__GSFINAL                      
     00003816  l__CODE_2                       
     00003FF8  l__CODE_13                      
     00003FF8  l__CODE_7                       
     00003FFA  l__CODE_9                       
     00003FFB  l__CODE_12                      
     00003FFC  l__CODE_11                      
     00003FFC  l__CODE_14                      
     00003FFC  l__CODE_8                       
     00003FFE  l__CODE_16                      
     00003FFF  l__CODE_10                      
     00004000  _RTC_SELECT_REG                    vm_rtc
     00004000  _rRAMB                             
     00004000  l__CODE_15                      
     00004000  l__CODE_5                       
     00004000  l__CODE_6                       
     00006000  _RTC_LATCH_REG                     vm_rtc
     00008000  __VRAM                             
     00008000  __VRAM8000                         
     00008800  __VRAM8800                         
     00009000  __VRAM9000                         
     00009800  __SCRN0                            
     00009C00  __SCRN1                            
     0000A000  _RTC_VALUE_REG                     vm_rtc
     0000A000  __SRAM                             
     0000C000  __RAM                              
     0000C000  _shadow_OAM                     
     0000C0A0  s__DATA                         
     0000D000  __RAMBANK                          
     0000D9A2  s__BSS                          
     0000D9A2  s__INITIALIZED                  
     0000D9B2  s__HEAP                         
     0000DF00  .STACK                          
     0000DF00  _shadow_OAM2                       absolute
     0000DFA0  _BkgPalette                        absolute
     0000DFE0  _vwf_tile_data                     absolute
     0000FE00  __OAMRAM                           
     0000FF00  _P1_REG                            
     0000FF00  __IO                               
     0000FF01  _SB_REG                            
     0000FF02  _SC_REG                            
     0000FF04  _DIV_REG                           
     0000FF05  _TIMA_REG                          
     0000FF06  _TMA_REG                           
     0000FF07  _TAC_REG                           
     0000FF0F  _IF_REG                            
ASxxxx Linker V03.00 + NoICE + sdld,  page 16.
Hexadecimal  [32-Bits]

Area                                    Addr        Size        Decimal Bytes (Attributes)
--------------------------------        ----        ----        ------- ----- ------------
.  .ABS.                            00000000    00000000 =           0. bytes (ABS,CON)

      Value  Global                              Global Defined In Module
      -----  --------------------------------   ------------------------
     0000FF10  _NR10_REG                          
     0000FF11  _NR11_REG                          
     0000FF12  _NR12_REG                          
     0000FF13  _NR13_REG                          
     0000FF14  _NR14_REG                          
     0000FF16  _NR21_REG                          
     0000FF17  _NR22_REG                          
     0000FF18  _NR23_REG                          
     0000FF19  _NR24_REG                          
     0000FF1A  _NR30_REG                          
     0000FF1B  _NR31_REG                          
     0000FF1C  _NR32_REG                          
     0000FF1D  _NR33_REG                          
     0000FF1E  _NR34_REG                          
     0000FF20  _NR41_REG                          
     0000FF21  _NR42_REG                          
     0000FF22  _NR43_REG                          
     0000FF23  _NR44_REG                          
     0000FF24  _NR50_REG                          
     0000FF25  _NR51_REG                          
     0000FF26  _NR52_REG                          
     0000FF30  _AUD3WAVE                          
     0000FF30  _PCM_SAMPLE                        
     0000FF30  __AUD3WAVERAM                      
     0000FF40  _LCDC_REG                          
     0000FF41  _STAT_REG                          
     0000FF42  _SCY_REG                           
     0000FF43  _SCX_REG                           
     0000FF44  _LY_REG                            
     0000FF45  _LYC_REG                           
     0000FF46  _DMA_REG                           
     0000FF47  _BGP_REG                           
     0000FF48  _OBP0_REG                          
     0000FF49  _OBP1_REG                          
     0000FF4A  _WY_REG                            
     0000FF4B  _WX_REG                            
     0000FF4D  _KEY1_REG                          
     0000FF4F  _VBK_REG                           
     0000FF51  _HDMA1_REG                         
     0000FF52  _HDMA2_REG                         
     0000FF53  _HDMA3_REG                         
     0000FF54  _HDMA4_REG                         
     0000FF55  _HDMA5_REG                         
     0000FF56  _RP_REG                            
     0000FF68  _BCPS_REG                          
     0000FF69  _BCPD_REG                          
     0000FF6A  _OCPS_REG                          
     0000FF6B  _OCPD_REG                          
     0000FF70  _SVBK_REG                          
     0000FF76  _PCM12_REG                         
     0000FF77  _PCM34_REG                         
ASxxxx Linker V03.00 + NoICE + sdld,  page 17.
Hexadecimal  [32-Bits]

Area                                    Addr        Size        Decimal Bytes (Attributes)
--------------------------------        ----        ----        ------- ----- ------------
.  .ABS.                            00000000    00000000 =           0. bytes (ABS,CON)

      Value  Global                              Global Defined In Module
      -----  --------------------------------   ------------------------
     0000FF80  .refresh_OAM                    
     0000FF80  __HRAM                             
     0000FFFF  _IE_REG                            
     00014000  s__CODE_1                       
     00024000  s__CODE_2                       
     00034000  s__CODE_3                       
     00044000  s__CODE_4                       
     00054000  s__CODE_5                       
     00064000  s__CODE_6                       
     00074000  s__CODE_7                       
     00084000  s__CODE_8                       
     00094000  s__CODE_9                       
     000A4000  s__CODE_10                      
     000B4000  s__CODE_11                      
     000C4000  s__CODE_12                      
     000D4000  s__CODE_13                      
     000E4000  s__CODE_14                      
     000F4000  s__CODE_15                      
     00104000  s__CODE_16                      
     00114000  s__CODE_17                      

ASxxxx Linker V03.00 + NoICE + sdld,  page 18.
Hexadecimal  [32-Bits]

Area                                    Addr        Size        Decimal Bytes (Attributes)
--------------------------------        ----        ----        ------- ----- ------------
_CODE                               00000200    00000B10 =        2832. bytes (REL,CON)

      Value  Global                              Global Defined In Module
      -----  --------------------------------   ------------------------
     00000200  ___HandleCrash                     
     0000020A  _SIO_send_byte                     
     0000021D  _SIO_receive                       
     0000022E  _SetTile                           
     0000023D  _set_win_tile_xy                   
     00000242  _set_bkg_tile_xy                   
     00000265  _GetWinAddr                        
     0000026D  _GetBkgAddr                        
     0000027B  _state_init                        
     00000280  _state_update                      
     000002A2  _ui_time_masks                     
     000002AA  _ui_print_shift_char               
     0000032D  _ui_draw_frame_row                 
     00000336  .ui_draw_frame_row                 
     0000035F  _script_cmds                       vm_instructions
     00000500  _save_signature                    game_signature
     00000504  _start_scene_x                     
     00000506  _start_scene_y                     
     00000508  _start_scene_dir                   
     00000509  _start_scene                       
     0000050C  _start_player_move_speed           
     0000050D  _start_player_anim_tick            
     0000050E  _ui_fonts                          
     00000511  _core_reset_hook                   main
     00000519  _main                              main
     00000521  _state_start_fns                   
     00000533  _state_update_fns                  
     00000545  _hUGE_init_banked                  hUGEDriver_obj
     00000549  _hUGE_init                         hUGEDriver_obj
     00000554  _hUGE_mute_channel_banked          hUGEDriver_obj
     00000558  _hUGE_mute_channel                 hUGEDriver_obj
     00000565  _hUGE_set_position_banked          hUGEDriver_obj
     00000569  _hUGE_set_position                 hUGEDriver_obj
     00000572  hUGE_init                          hUGEDriver_obj
     000005C8  hUGE_mute_channel                  hUGEDriver_obj
     000007BC  hUGE_set_position                  hUGEDriver_obj
     00000924  _hUGE_dosound                      hUGEDriver_obj
     00000924  _hUGE_dosound_banked               hUGEDriver_obj
     00000924  hUGE_dosound                       hUGEDriver_obj
     00000C13  _hide_sprites_range                Metasprites
     00000C43  .sgb_check                         
     00000C43  _sgb_check                         
     00000C8B  _sgb_transfer                      
     00000C90  .sgb_transfer                      
     00000CD1  ___move_metasprite                 Metasprites
ASxxxx Linker V03.00 + NoICE + sdld,  page 19.
Hexadecimal  [32-Bits]

Area                                    Addr        Size        Decimal Bytes (Attributes)
--------------------------------        ----        ----        ------- ----- ------------
_HEADER0                            00000000    00000001 =           1. bytes (ABS,CON)

      Value  Global                              Global Defined In Module
      -----  --------------------------------   ------------------------
     00000020  .call_hl                           Runtime

ASxxxx Linker V03.00 + NoICE + sdld,  page 20.
Hexadecimal  [32-Bits]

Area                                    Addr        Size        Decimal Bytes (Attributes)
--------------------------------        ----        ----        ------- ----- ------------
_HEADER1                            00000000    00000005 =           5. bytes (ABS,CON)

      Value  Global                              Global Defined In Module
      -----  --------------------------------   ------------------------
     00000028  .MemsetSmall                       Runtime

ASxxxx Linker V03.00 + NoICE + sdld,  page 21.
Hexadecimal  [32-Bits]

Area                                    Addr        Size        Decimal Bytes (Attributes)
--------------------------------        ----        ----        ------- ----- ------------
_HEADER2                            00000000    00000007 =           7. bytes (ABS,CON)

      Value  Global                              Global Defined In Module
      -----  --------------------------------   ------------------------
     00000030  .MemcpySmall                       Runtime

ASxxxx Linker V03.00 + NoICE + sdld,  page 22.
Hexadecimal  [32-Bits]

Area                                    Addr        Size        Decimal Bytes (Attributes)
--------------------------------        ----        ----        ------- ----- ------------
_HEADER3                            00000000    00000008 =           8. bytes (ABS,CON)

      Value  Global                              Global Defined In Module
      -----  --------------------------------   ------------------------
ASxxxx Linker V03.00 + NoICE + sdld,  page 23.
Hexadecimal  [32-Bits]

Area                                    Addr        Size        Decimal Bytes (Attributes)
--------------------------------        ----        ----        ------- ----- ------------
_HEADER4                            00000000    0000004E =          78. bytes (ABS,CON)

      Value  Global                              Global Defined In Module
      -----  --------------------------------   ------------------------
     00000080  .int                               Runtime
     0000008F  _wait_int_handler                  Runtime
     0000009C  __standard_VBL_handler             Runtime
     000000AC  _refresh_OAM                       Runtime

ASxxxx Linker V03.00 + NoICE + sdld,  page 24.
Hexadecimal  [32-Bits]

Area                                    Addr        Size        Decimal Bytes (Attributes)
--------------------------------        ----        ----        ------- ----- ------------
_HEADER5                            00000000    00000002 =           2. bytes (ABS,CON)

      Value  Global                              Global Defined In Module
      -----  --------------------------------   ------------------------
ASxxxx Linker V03.00 + NoICE + sdld,  page 25.
Hexadecimal  [32-Bits]

Area                                    Addr        Size        Decimal Bytes (Attributes)
--------------------------------        ----        ----        ------- ----- ------------
_HEADER6                            00000000    00000030 =          48. bytes (ABS,CON)

      Value  Global                              Global Defined In Module
      -----  --------------------------------   ------------------------
ASxxxx Linker V03.00 + NoICE + sdld,  page 26.
Hexadecimal  [32-Bits]

Area                                    Addr        Size        Decimal Bytes (Attributes)
--------------------------------        ----        ----        ------- ----- ------------
_HEADER7                            00000000    00000006 =           6. bytes (ABS,CON)

      Value  Global                              Global Defined In Module
      -----  --------------------------------   ------------------------
ASxxxx Linker V03.00 + NoICE + sdld,  page 27.
Hexadecimal  [32-Bits]

Area                                    Addr        Size        Decimal Bytes (Attributes)
--------------------------------        ----        ----        ------- ----- ------------
_HEADER8                            00000000    00000003 =           3. bytes (ABS,CON)

      Value  Global                              Global Defined In Module
      -----  --------------------------------   ------------------------
ASxxxx Linker V03.00 + NoICE + sdld,  page 28.
Hexadecimal  [32-Bits]

Area                                    Addr        Size        Decimal Bytes (Attributes)
--------------------------------        ----        ----        ------- ----- ------------
_HEADER9                            00000000    00000001 =           1. bytes (ABS,CON)

      Value  Global                              Global Defined In Module
      -----  --------------------------------   ------------------------
ASxxxx Linker V03.00 + NoICE + sdld,  page 29.
Hexadecimal  [32-Bits]

Area                                    Addr        Size        Decimal Bytes (Attributes)
--------------------------------        ----        ----        ------- ----- ------------
_HEADERa                            00000000    00000001 =           1. bytes (ABS,CON)

      Value  Global                              Global Defined In Module
      -----  --------------------------------   ------------------------
ASxxxx Linker V03.00 + NoICE + sdld,  page 30.
Hexadecimal  [32-Bits]

Area                                    Addr        Size        Decimal Bytes (Attributes)
--------------------------------        ----        ----        ------- ----- ------------
_HEADERb                            00000000    00000001 =           1. bytes (ABS,CON)

      Value  Global                              Global Defined In Module
      -----  --------------------------------   ------------------------
ASxxxx Linker V03.00 + NoICE + sdld,  page 31.
Hexadecimal  [32-Bits]

Area                                    Addr        Size        Decimal Bytes (Attributes)
--------------------------------        ----        ----        ------- ----- ------------
_HEADERc                            00000000    00000002 =           2. bytes (ABS,CON)

      Value  Global                              Global Defined In Module
      -----  --------------------------------   ------------------------
ASxxxx Linker V03.00 + NoICE + sdld,  page 32.
Hexadecimal  [32-Bits]

Area                                    Addr        Size        Decimal Bytes (Attributes)
--------------------------------        ----        ----        ------- ----- ------------
_HEADERd                            00000000    00000001 =           1. bytes (ABS,CON)

      Value  Global                              Global Defined In Module
      -----  --------------------------------   ------------------------
ASxxxx Linker V03.00 + NoICE + sdld,  page 33.
Hexadecimal  [32-Bits]

Area                                    Addr        Size        Decimal Bytes (Attributes)
--------------------------------        ----        ----        ------- ----- ------------
_HEADERe                            00000000    00000001 =           1. bytes (ABS,CON)

      Value  Global                              Global Defined In Module
      -----  --------------------------------   ------------------------
ASxxxx Linker V03.00 + NoICE + sdld,  page 34.
Hexadecimal  [32-Bits]

Area                                    Addr        Size        Decimal Bytes (Attributes)
--------------------------------        ----        ----        ------- ----- ------------
_HEADERf                            00000000    00000002 =           2. bytes (ABS,CON)

      Value  Global                              Global Defined In Module
      -----  --------------------------------   ------------------------
ASxxxx Linker V03.00 + NoICE + sdld,  page 35.
Hexadecimal  [32-Bits]

Area                                    Addr        Size        Decimal Bytes (Attributes)
--------------------------------        ----        ----        ------- ----- ------------
_HEADER10                           00000000    00000082 =         130. bytes (ABS,CON)

      Value  Global                              Global Defined In Module
      -----  --------------------------------   ------------------------
     00000150  .reset                             Runtime
     00000150  _reset                             Runtime
     00000157  .code_start                        Runtime
     000001B7  _exit                              Runtime
     000001BB  _set_interrupts                    Runtime

ASxxxx Linker V03.00 + NoICE + sdld,  page 36.
Hexadecimal  [32-Bits]

Area                                    Addr        Size        Decimal Bytes (Attributes)
--------------------------------        ----        ----        ------- ----- ------------
_HEADER11                           00000000    00000001 =           1. bytes (ABS,CON)

      Value  Global                              Global Defined In Module
      -----  --------------------------------   ------------------------
ASxxxx Linker V03.00 + NoICE + sdld,  page 37.
Hexadecimal  [32-Bits]

Area                                    Addr        Size        Decimal Bytes (Attributes)
--------------------------------        ----        ----        ------- ----- ------------
_HOME                               00000D10    00002707 =        9991. bytes (REL,CON)

      Value  Global                              Global Defined In Module
      -----  --------------------------------   ------------------------
     00000D10  .memset_simple                     Runtime
     00000D19  .memcpy_simple                     Runtime
     00000D36  .remove_VBL                        Runtime
     00000D39  .remove_int                        Runtime
     00000D56  .add_VBL                           Runtime
     00000D59  .add_int                           Runtime
     00000D64  .wait_vbl_done                     Runtime
     00000D64  _wait_vbl_done                     Runtime
     00000D74  .display_off                       Runtime
     00000D74  _display_off                       Runtime
     00000D8C  _remove_VBL                        Runtime
     00000D97  _add_VBL                           Runtime
     00000DA2  _actors_update                     actor
     00001119  _SetBankedBkgData                  bankdata
     00001135  _SetBankedSpriteData               bankdata
     00001151  _SetBankedBkgTiles                 bankdata
     0000116D  _SetBankedWinTiles                 bankdata
     00001189  _ReadBankedFarPtr                  bankdata
     000011B0  _ReadBankedUWORD                   bankdata
     000011CC  _MemcpyBanked                      bankdata
     000011E8  _MemcpyVRAMBanked                  bankdata
     00001204  _camera_update                     camera
     00001337  _load_animations                   data_manager
     00001396  _events_update                     events
     00001468  _timers_update                     events
     000014F0  _input_update                      input
     00001520  .sio_ISR                           
     0000157A  .timer_ISR                         
     0000158F  _simple_LCD_isr                    interrupts
     000015DE  _fullscreen_LCD_isr                interrupts
     0000160A  _VBL_isr                           interrupts
     00001654  _isqrt                             math
     000016AA  _sine_wave                         math
     000017AA  _dir_lookup                        math
     000017B2  _dir_angle_lookup                  math
     000017B6  _hUGETrackerRoutine                music_manager
     000017E2  _music_events_update               music_manager
     00001864  _music_play                        music_manager
     000018E4  _music_mute                        music_manager
     0000190C  _music_update                      music_manager
     0000196C  _sound_stop                        music_manager
     0000199D  _parallax_LCD_isr                  parallax
     000019DA  _projectiles_update                projectiles
     00001D93  _projectiles_render                projectiles
     00001F06  _sample_play_isr                   sample_player
     00001F85  _scroll_load_pending_row           scroll
     00001FD8  _scroll_load_row                   scroll
     0000201D  _scroll_load_col                   scroll
     00002051  _scroll_load_pending_col           scroll
     000020A9  _set_bkg_submap                    
ASxxxx Linker V03.00 + NoICE + sdld,  page 38.
Hexadecimal  [32-Bits]

Area                                    Addr        Size        Decimal Bytes (Attributes)
--------------------------------        ----        ----        ------- ----- ------------
_HOME                               00000D10    00002707 =        9991. bytes (REL,CON)

      Value  Global                              Global Defined In Module
      -----  --------------------------------   ------------------------
     000020EC  _set_xy_win_submap                 
     00002115  .set_xy_win_submap                 
     0000211E  .set_xy_bkg_submap                 
     0000212D  .set_xy_submap                     
     00002173  _on_SIO_receive                    sio
     000021B4  _SIO_update                        sio
     0000221B  _ui_update                         ui
     00002303  _vm_sgb_transfer                   vm_sgb
     00002351  _vm_load_text                      vm_ui
     000025A6  _vm_beginthread                    vm
     000026CB  _vm_rpn                            vm
     00002D8F  _vm_call_native                    vm
     00002D99  _VM_STEP                           vm
     00002E03  _script_runner_update              vm
     00002F7D  _fill_win_rect                     
     00002F8F  _rand                              
     00002F8F  _randw                             
     00002FBA  _initrand                          
     00002FBC  .initrand                          
     00002FC5  __mulsuchar                        mul
     00002FCF  __muluschar                        mul
     00002FD9  __mulschar                         mul
     00002FEB  __muluchar                         mul
     00002FF7  __mulint                           mul
     0000301D  _abs                               abs
     0000302C  _set_win_tiles                     
     00003040  _set_tile_data                     
     00003045  _set_bkg_data                      
     00003045  _set_win_data                      
     0000304D  _set_sprite_data                   
     0000307D  _reverse                           reverse
     000030B1  ___call__banked                    far_ptr
     000030CE  _to_far_ptr                        far_ptr
     00003107  _add_LCD                           
     00003112  .add_LCD                           
     00003118  _remove_LCD                        
     00003123  .remove_LCD                        
     00003129  .fill_rect_wtt                     
     00003132  .fill_rect_btt                     
     0000317F  .copy_vram                         
     00003193  _get_data                          
     00003193  _set_data                          
     00003193  _vmemcpy                           
     000031A6  _fill_bkg_rect                     
     000031B8  .padup                             
     000031B8  _waitpadup                         
     000031C8  .jpad                              
     000031C8  _joypad                            
     000031F0  _waitpad                           
     000031F3  .wait_pad                          
     000031FA  ___sdcc_call_hl                    call_hl
ASxxxx Linker V03.00 + NoICE + sdld,  page 39.
Hexadecimal  [32-Bits]

Area                                    Addr        Size        Decimal Bytes (Attributes)
--------------------------------        ----        ----        ------- ----- ------------
_HOME                               00000D10    00002707 =        9991. bytes (REL,CON)

      Value  Global                              Global Defined In Module
      -----  --------------------------------   ------------------------
     000031FB  ___memcpy                          memcpy
     000031FB  _memcpy                            memcpy
     0000323E  _memset                            memset
     00003271  ___sdcc_bcall_ehl                  
     00003282  __divsuchar                        div
     0000328F  __modsuchar                        div
     00003299  __divuschar                        div
     000032AB  __moduschar                        div
     000032BB  __divschar                         div
     000032C7  __modschar                         div
     000032D1  __divsint                          div
     000032E2  __modsint                          div
     000032F1  __divuchar                         div
     000032FD  __moduchar                         div
     00003307  __divuint                          div
     00003318  __moduint                          div
     00003327  .div8                              div
     00003327  .mod8                              div
     0000332F  .div16                             div
     0000332F  .mod16                             div
     00003365  .divu8                             div
     00003365  .modu8                             div
     00003368  .divu16                            div
     00003368  .modu16                            div
     000033A9  _set_bkg_tiles                     
     000033BD  .set_xy_wtt                        SetTileMap
     000033C6  .set_xy_btt                        SetTileMap
     000033D5  .set_xy_tt                         SetTileMap
ASxxxx Linker V03.00 + NoICE + sdld,  page 40.
Hexadecimal  [32-Bits]

Area                                    Addr        Size        Decimal Bytes (Attributes)
--------------------------------        ----        ----        ------- ----- ------------
_INITIALIZER                        00003417    00000010 =          16. bytes (REL,CON)

      Value  Global                              Global Defined In Module
      -----  --------------------------------   ------------------------
ASxxxx Linker V03.00 + NoICE + sdld,  page 41.
Hexadecimal  [32-Bits]

Area                                    Addr        Size        Decimal Bytes (Attributes)
--------------------------------        ----        ----        ------- ----- ------------
_GSINIT                             00003427    0000002D =          45. bytes (REL,CON)

      Value  Global                              Global Defined In Module
      -----  --------------------------------   ------------------------
     00003427  gsinit                             Runtime

ASxxxx Linker V03.00 + NoICE + sdld,  page 42.
Hexadecimal  [32-Bits]

Area                                    Addr        Size        Decimal Bytes (Attributes)
--------------------------------        ----        ----        ------- ----- ------------
_GSFINAL                            00003454    00000001 =           1. bytes (REL,CON)

      Value  Global                              Global Defined In Module
      -----  --------------------------------   ------------------------
ASxxxx Linker V03.00 + NoICE + sdld,  page 43.
Hexadecimal  [32-Bits]

Area                                    Addr        Size        Decimal Bytes (Attributes)
[...]
                                          [ script_s32_init ]
C:/Users/Bartek/AppData/Local/Temp/_gbsbuild/obj/script_s33_init.rel
                                          [ script_s33_init ]
C:/Users/Bartek/AppData/Local/Temp/_gbsbuild/obj/script_s34_init.rel
                                          [ script_s34_init ]
C:/Users/Bartek/AppData/Local/Temp/_gbsbuild/obj/script_s35_init.rel
                                          [ script_s35_init ]
C:/Users/Bartek/AppData/Local/Temp/_gbsbuild/obj/script_s36_init.rel
                                          [ script_s36_init ]
C:/Users/Bartek/AppData/Local/Temp/_gbsbuild/obj/script_s37_init.rel
                                          [ script_s37_init ]
C:/Users/Bartek/AppData/Local/Temp/_gbsbuild/obj/script_s38_init.rel
                                          [ script_s38_init ]
C:/Users/Bartek/AppData/Local/Temp/_gbsbuild/obj/script_s39_init.rel
                                          [ script_s39_init ]
C:/Users/Bartek/AppData/Local/Temp/_gbsbuild/obj/script_s4_init.rel
                                          [ script_s4_init ]
C:/Users/Bartek/AppData/Local/Temp/_gbsbuild/obj/script_s40_init.rel
                                          [ script_s40_init ]
C:/Users/Bartek/AppData/Local/Temp/_gbsbuild/obj/script_s41_init.rel
                                          [ script_s41_init ]
C:/Users/Bartek/AppData/Local/Temp/_gbsbuild/obj/script_s42_init.rel
                                          [ script_s42_init ]
C:/Users/Bartek/AppData/Local/Temp/_gbsbuild/obj/script_s43_init.rel
                                          [ script_s43_init ]
C:/Users/Bartek/AppData/Local/Temp/_gbsbuild/obj/script_s44_init.rel
                                          [ script_s44_init ]
C:/Users/Bartek/AppData/Local/Temp/_gbsbuild/obj/script_s45_init.rel
                                          [ script_s45_init ]
C:/Users/Bartek/AppData/Local/Temp/_gbsbuild/obj/script_s46_init.rel
                                          [ script_s46_init ]
C:/Users/Bartek/AppData/Local/Temp/_gbsbuild/obj/script_s47_init.rel
                                          [ script_s47_init ]
C:/Users/Bartek/AppData/Local/Temp/_gbsbuild/obj/script_s48_init.rel
                                          [ script_s48_init ]
C:/Users/Bartek/AppData/Local/Temp/_gbsbuild/obj/script_s49_init.rel
                                          [ script_s49_init ]
C:/Users/Bartek/AppData/Local/Temp/_gbsbuild/obj/script_s5_init.rel
                                          [ script_s5_init ]
C:/Users/Bartek/AppData/Local/Temp/_gbsbuild/obj/script_s50_init.rel
                                          [ script_s50_init ]
C:/Users/Bartek/AppData/Local/Temp/_gbsbuild/obj/script_s51_init.rel
                                          [ script_s51_init ]
C:/Users/Bartek/AppData/Local/Temp/_gbsbuild/obj/script_s52_init.rel
                                          [ script_s52_init ]
C:/Users/Bartek/AppData/Local/Temp/_gbsbuild/obj/script_s6_init.rel
                                          [ script_s6_init ]
C:/Users/Bartek/AppData/Local/Temp/_gbsbuild/obj/script_s7_init.rel
                                          [ script_s7_init ]
C:/Users/Bartek/AppData/Local/Temp/_gbsbuild/obj/script_s8_init.rel
                                          [ script_s8_init ]
C:/Users/Bartek/AppData/Local/Temp/_gbsbuild/obj/script_s9_init.rel
                                          [ script_s9_init ]
C:/Users/Bartek/AppData/Local/Temp/_gbsbuild/obj/spritesheet_0.rel
                                          [ spritesheet_0 ]
C:/Users/Bartek/AppData/Local/Temp/_gbsbuild/obj/spritesheet_none.rel
                                          [ spritesheet_none ]
C:/Users/Bartek/AppData/Local/Temp/_gbsbuild/obj/tilemap_0.rel
                                          [ tilemap_0 ]
C:/Users/Bartek/AppData/Local/Temp/_gbsbuild/obj/tilemap_1.rel
                                          [ tilemap_1 ]
C:/Users/Bartek/AppData/Local/Temp/_gbsbuild/obj/tilemap_10.rel
                                          [ tilemap_10 ]
C:/Users/Bartek/AppData/Local/Temp/_gbsbuild/obj/tilemap_11.rel
                                          [ tilemap_11 ]
C:/Users/Bartek/AppData/Local/Temp/_gbsbuild/obj/tilemap_12.rel
                                          [ tilemap_12 ]
C:/Users/Bartek/AppData/Local/Temp/_gbsbuild/obj/tilemap_13.rel
                                          [ tilemap_13 ]
C:/Users/Bartek/AppData/Local/Temp/_gbsbuild/obj/tilemap_14.rel
                                          [ tilemap_14 ]
C:/Users/Bartek/AppData/Local/Temp/_gbsbuild/obj/tilemap_15.rel
                                          [ tilemap_15 ]
C:/Users/Bartek/AppData/Local/Temp/_gbsbuild/obj/tilemap_16.rel
                                          [ tilemap_16 ]
C:/Users/Bartek/AppData/Local/Temp/_gbsbuild/obj/tilemap_17.rel
                                          [ tilemap_17 ]
C:/Users/Bartek/AppData/Local/Temp/_gbsbuild/obj/tilemap_18.rel
                                          [ tilemap_18 ]
C:/Users/Bartek/AppData/Local/Temp/_gbsbuild/obj/tilemap_19.rel
                                          [ tilemap_19 ]
C:/Users/Bartek/AppData/Local/Temp/_gbsbuild/obj/tilemap_2.rel
                                          [ tilemap_2 ]
C:/Users/Bartek/AppData/Local/Temp/_gbsbuild/obj/tilemap_20.rel
                                          [ tilemap_20 ]
C:/Users/Bartek/AppData/Local/Temp/_gbsbuild/obj/tilemap_21.rel
                                          [ tilemap_21 ]
C:/Users/Bartek/AppData/Local/Temp/_gbsbuild/obj/tilemap_22.rel
                                          [ tilemap_22 ]
C:/Users/Bartek/AppData/Local/Temp/_gbsbuild/obj/tilemap_23.rel
                                          [ tilemap_23 ]
C:/Users/Bartek/AppData/Local/Temp/_gbsbuild/obj/tilemap_24.rel
                                          [ tilemap_24 ]
C:/Users/Bartek/AppData/Local/Temp/_gbsbuild/obj/tilemap_25.rel
                                          [ tilemap_25 ]
C:/Users/Bartek/AppData/Local/Temp/_gbsbuild/obj/tilemap_26.rel
                                          [ tilemap_26 ]
C:/Users/Bartek/AppData/Local/Temp/_gbsbuild/obj/tilemap_27.rel
                                          [ tilemap_27 ]
C:/Users/Bartek/AppData/Local/Temp/_gbsbuild/obj/tilemap_28.rel
                                          [ tilemap_28 ]
C:/Users/Bartek/AppData/Local/Temp/_gbsbuild/obj/tilemap_29.rel
                                          [ tilemap_29 ]
C:/Users/Bartek/AppData/Local/Temp/_gbsbuild/obj/tilemap_3.rel
                                          [ tilemap_3 ]
C:/Users/Bartek/AppData/Local/Temp/_gbsbuild/obj/tilemap_30.rel
                                          [ tilemap_30 ]
C:/Users/Bartek/AppData/Local/Temp/_gbsbuild/obj/tilemap_31.rel
                                          [ tilemap_31 ]
C:/Users/Bartek/AppData/Local/Temp/_gbsbuild/obj/tilemap_32.rel
                                          [ tilemap_32 ]
C:/Users/Bartek/AppData/Local/Temp/_gbsbuild/obj/tilemap_33.rel
                                          [ tilemap_33 ]
C:/Users/Bartek/AppData/Local/Temp/_gbsbuild/obj/tilemap_34.rel
                                          [ tilemap_34 ]
C:/Users/Bartek/AppData/Local/Temp/_gbsbuild/obj/tilemap_35.rel
                                          [ tilemap_35 ]
C:/Users/Bartek/AppData/Local/Temp/_gbsbuild/obj/tilemap_36.rel
                                          [ tilemap_36 ]
C:/Users/Bartek/AppData/Local/Temp/_gbsbuild/obj/tilemap_37.rel
                                          [ tilemap_37 ]
C:/Users/Bartek/AppData/Local/Temp/_gbsbuild/obj/tilemap_38.rel
                                          [ tilemap_38 ]
C:/Users/Bartek/AppData/Local/Temp/_gbsbuild/obj/tilemap_39.rel
                                          [ tilemap_39 ]
C:/Users/Bartek/AppData/Local/Temp/_gbsbuild/obj/tilemap_4.rel
                                          [ tilemap_4 ]
C:/Users/Bartek/AppData/Local/Temp/_gbsbuild/obj/tilemap_40.rel
                                          [ tilemap_40 ]
C:/Users/Bartek/AppData/Local/Temp/_gbsbuild/obj/tilemap_41.rel
                                          [ tilemap_41 ]
C:/Users/Bartek/AppData/Local/Temp/_gbsbuild/obj/tilemap_42.rel
                                          [ tilemap_42 ]
C:/Users/Bartek/AppData/Local/Temp/_gbsbuild/obj/tilemap_43.rel
                                          [ tilemap_43 ]
C:/Users/Bartek/AppData/Local/Temp/_gbsbuild/obj/tilemap_44.rel
                                          [ tilemap_44 ]
C:/Users/Bartek/AppData/Local/Temp/_gbsbuild/obj/tilemap_5.rel
                                          [ tilemap_5 ]
C:/Users/Bartek/AppData/Local/Temp/_gbsbuild/obj/tilemap_6.rel
                                          [ tilemap_6 ]
C:/Users/Bartek/AppData/Local/Temp/_gbsbuild/obj/tilemap_7.rel
                                          [ tilemap_7 ]
C:/Users/Bartek/AppData/Local/Temp/_gbsbuild/obj/tilemap_8.rel
                                          [ tilemap_8 ]
C:/Users/Bartek/AppData/Local/Temp/_gbsbuild/obj/tilemap_9.rel
                                          [ tilemap_9 ]
C:/Users/Bartek/AppData/Local/Temp/_gbsbuild/obj/tileset_0.rel
                                          [ tileset_0 ]
C:/Users/Bartek/AppData/Local/Temp/_gbsbuild/obj/tileset_1.rel
                                          [ tileset_1 ]
C:/Users/Bartek/AppData/Local/Temp/_gbsbuild/obj/tileset_10.rel
                                          [ tileset_10 ]
C:/Users/Bartek/AppData/Local/Temp/_gbsbuild/obj/tileset_11.rel
                                          [ tileset_11 ]
C:/Users/Bartek/AppData/Local/Temp/_gbsbuild/obj/tileset_12.rel
                                          [ tileset_12 ]
C:/Users/Bartek/AppData/Local/Temp/_gbsbuild/obj/tileset_13.rel
                                          [ tileset_13 ]
C:/Users/Bartek/AppData/Local/Temp/_gbsbuild/obj/tileset_14.rel
                                          [ tileset_14 ]
C:/Users/Bartek/AppData/Local/Temp/_gbsbuild/obj/tileset_15.rel
                                          [ tileset_15 ]
C:/Users/Bartek/AppData/Local/Temp/_gbsbuild/obj/tileset_16.rel
                                          [ tileset_16 ]
C:/Users/Bartek/AppData/Local/Temp/_gbsbuild/obj/tileset_17.rel
                                          [ tileset_17 ]
C:/Users/Bartek/AppData/Local/Temp/_gbsbuild/obj/tileset_18.rel
                                          [ tileset_18 ]
C:/Users/Bartek/AppData/Local/Temp/_gbsbuild/obj/tileset_19.rel
                                          [ tileset_19 ]
C:/Users/Bartek/AppData/Local/Temp/_gbsbuild/obj/tileset_2.rel
                                          [ tileset_2 ]
C:/Users/Bartek/AppData/Local/Temp/_gbsbuild/obj/tileset_20.rel
                                          [ tileset_20 ]
C:/Users/Bartek/AppData/Local/Temp/_gbsbuild/obj/tileset_21.rel
                                          [ tileset_21 ]
C:/Users/Bartek/AppData/Local/Temp/_gbsbuild/obj/tileset_22.rel
                                          [ tileset_22 ]
C:/Users/Bartek/AppData/Local/Temp/_gbsbuild/obj/tileset_23.rel
                                          [ tileset_23 ]
C:/Users/Bartek/AppData/Local/Temp/_gbsbuild/obj/tileset_24.rel
                                          [ tileset_24 ]
C:/Users/Bartek/AppData/Local/Temp/_gbsbuild/obj/tileset_25.rel
                                          [ tileset_25 ]
C:/Users/Bartek/AppData/Local/Temp/_gbsbuild/obj/tileset_26.rel
                                          [ tileset_26 ]
C:/Users/Bartek/AppData/Local/Temp/_gbsbuild/obj/tileset_27.rel
                                          [ tileset_27 ]
C:/Users/Bartek/AppData/Local/Temp/_gbsbuild/obj/tileset_28.rel
                                          [ tileset_28 ]
C:/Users/Bartek/AppData/Local/Temp/_gbsbuild/obj/tileset_29.rel
                                          [ tileset_29 ]
C:/Users/Bartek/AppData/Local/Temp/_gbsbuild/obj/tileset_3.rel
                                          [ tileset_3 ]
C:/Users/Bartek/AppData/Local/Temp/_gbsbuild/obj/tileset_30.rel
                                          [ tileset_30 ]
C:/Users/Bartek/AppData/Local/Temp/_gbsbuild/obj/tileset_31.rel
                                          [ tileset_31 ]
C:/Users/Bartek/AppData/Local/Temp/_gbsbuild/obj/tileset_32.rel
                                          [ tileset_32 ]
C:/Users/Bartek/AppData/Local/Temp/_gbsbuild/obj/tileset_33.rel
                                          [ tileset_33 ]
C:/Users/Bartek/AppData/Local/Temp/_gbsbuild/obj/tileset_34.rel
                                          [ tileset_34 ]
C:/Users/Bartek/AppData/Local/Temp/_gbsbuild/obj/tileset_35.rel
                                          [ tileset_35 ]
C:/Users/Bartek/AppData/Local/Temp/_gbsbuild/obj/tileset_36.rel
                                          [ tileset_36 ]
C:/Users/Bartek/AppData/Local/Temp/_gbsbuild/obj/tileset_37.rel
                                          [ tileset_37 ]
C:/Users/Bartek/AppData/Local/Temp/_gbsbuild/obj/tileset_38.rel
                                          [ tileset_38 ]
C:/Users/Bartek/AppData/Local/Temp/_gbsbuild/obj/tileset_39.rel
                                          [ tileset_39 ]
C:/Users/Bartek/AppData/Local/Temp/_gbsbuild/obj/tileset_4.rel
                                          [ tileset_4 ]
C:/Users/Bartek/AppData/Local/Temp/_gbsbuild/obj/tileset_40.rel
                                          [ tileset_40 ]
C:/Users/Bartek/AppData/Local/Temp/_gbsbuild/obj/tileset_41.rel
                                          [ tileset_41 ]
C:/Users/Bartek/AppData/Local/Temp/_gbsbuild/obj/tileset_42.rel
                                          [ tileset_42 ]
C:/Users/Bartek/AppData/Local/Temp/_gbsbuild/obj/tileset_43.rel
                                          [ tileset_43 ]
C:/Users/Bartek/AppData/Local/Temp/_gbsbuild/obj/tileset_44.rel
                                          [ tileset_44 ]
C:/Users/Bartek/AppData/Local/Temp/_gbsbuild/obj/tileset_45.rel
                                          [ tileset_45 ]
C:/Users/Bartek/AppData/Local/Temp/_gbsbuild/obj/tileset_46.rel
                                          [ tileset_46 ]
C:/Users/Bartek/AppData/Local/Temp/_gbsbuild/obj/tileset_47.rel
                                          [ tileset_47 ]
C:/Users/Bartek/AppData/Local/Temp/_gbsbuild/obj/tileset_48.rel
                                          [ tileset_48 ]
C:/Users/Bartek/AppData/Local/Temp/_gbsbuild/obj/tileset_49.rel
                                          [ tileset_49 ]
C:/Users/Bartek/AppData/Local/Temp/_gbsbuild/obj/tileset_5.rel
                                          [ tileset_5 ]
C:/Users/Bartek/AppData/Local/Temp/_gbsbuild/obj/tileset_50.rel
                                          [ tileset_50 ]
C:/Users/Bartek/AppData/Local/Temp/_gbsbuild/obj/tileset_51.rel
                                          [ tileset_51 ]
C:/Users/Bartek/AppData/Local/Temp/_gbsbuild/obj/tileset_6.rel
                                          [ tileset_6 ]
C:/Users/Bartek/AppData/Local/Temp/_gbsbuild/obj/tileset_7.rel
                                          [ tileset_7 ]
C:/Users/Bartek/AppData/Local/Temp/_gbsbuild/obj/tileset_8.rel
                                          [ tileset_8 ]
C:/Users/Bartek/AppData/Local/Temp/_gbsbuild/obj/tileset_9.rel
                                          [ tileset_9 ]
C:/Users/Bartek/AppData/Local/Temp/_gbsbuild/obj/main.rel
                                          [ main ]
C:/Users/Bartek/AppData/Local/Temp/_gbsbuild/obj/adventure.rel
                                          [ adventure ]
C:/Users/Bartek/AppData/Local/Temp/_gbsbuild/obj/logo.rel
                                          [ logo ]
C:/Users/Bartek/AppData/Local/Temp/_gbsbuild/obj/platform.rel
                                          [ platform ]
C:/Users/Bartek/AppData/Local/Temp/_gbsbuild/obj/pointnclick.rel
                                          [ pointnclick ]
C:/Users/Bartek/AppData/Local/Temp/_gbsbuild/obj/shmup.rel
                                          [ shmup ]
C:/Users/Bartek/AppData/Local/Temp/_gbsbuild/obj/states_ptrs.rel
                                          [  ]
C:/Users/Bartek/AppData/Local/Temp/_gbsbuild/obj/topdown.rel
                                          [ topdown ]


Libraries Linked                          [ object file ]

C:\Users\Bartek\AppData\Local\Temp/_gbstools/gbdk/lib/small/asxxxx/gb/gb.lib
                                          [ fill_rect_wi.o ]
lib/hUGEDriver.lib                        [ hUGEDriver.obj.o ]
C:\Users\Bartek\AppData\Local\Temp/_gbstools/gbdk/lib/small/asxxxx/gbz80/gbz80.lib
                                          [ rand.o ]
C:\Users\Bartek\AppData\Local\Temp/_gbstools/gbdk/lib/small/asxxxx/gb/gb.lib
                                          [ sfr.o ]
C:\Users\Bartek\AppData\Local\Temp/_gbstools/gbdk/lib/small/asxxxx/gb/gb.lib
                                          [ metasprites_hide_spr.o ]
C:\Users\Bartek\AppData\Local\Temp/_gbstools/gbdk/lib/small/asxxxx/gbz80/gbz80.lib
                                          [ mul.o ]
C:\Users\Bartek\AppData\Local\Temp/_gbstools/gbdk/lib/small/asxxxx/gbz80/gbz80.lib
                                          [ abs.o ]
C:\Users\Bartek\AppData\Local\Temp/_gbstools/gbdk/lib/small/asxxxx/gb/gb.lib
                                          [ set_wi_t.o ]
C:\Users\Bartek\AppData\Local\Temp/_gbstools/gbdk/lib/small/asxxxx/gb/gb.lib
                                          [ set_data.o ]
C:\Users\Bartek\AppData\Local\Temp/_gbstools/gbdk/lib/small/asxxxx/gbz80/gbz80.lib
                                          [ reverse.o ]
C:\Users\Bartek\AppData\Local\Temp/_gbstools/gbdk/lib/small/asxxxx/gb/gb.lib
                                          [ far_ptr.o ]
C:\Users\Bartek\AppData\Local\Temp/_gbstools/gbdk/lib/small/asxxxx/gb/gb.lib
                                          [ sgb.o ]
C:\Users\Bartek\AppData\Local\Temp/_gbstools/gbdk/lib/small/asxxxx/gb/gb.lib
                                          [ lcd.o ]
C:\Users\Bartek\AppData\Local\Temp/_gbstools/gbdk/lib/small/asxxxx/gb/gb.lib
                                          [ fill_rect.o ]
C:\Users\Bartek\AppData\Local\Temp/_gbstools/gbdk/lib/small/asxxxx/gb/gb.lib
                                          [ cpy_data.o ]
C:\Users\Bartek\AppData\Local\Temp/_gbstools/gbdk/lib/small/asxxxx/gb/gb.lib
                                          [ fill_rect_bk.o ]
C:\Users\Bartek\AppData\Local\Temp/_gbstools/gbdk/lib/small/asxxxx/gb/gb.lib
                                          [ pad.o ]
C:\Users\Bartek\AppData\Local\Temp/_gbstools/gbdk/lib/small/asxxxx/gb/gb.lib
                                          [ metasprites.o ]
C:\Users\Bartek\AppData\Local\Temp/_gbstools/gbdk/lib/small/asxxxx/gbz80/gbz80.lib
                                          [ __sdcc_call_hl.o ]
C:\Users\Bartek\AppData\Local\Temp/_gbstools/gbdk/lib/small/asxxxx/gbz80/gbz80.lib
                                          [ _memcpy.o ]
C:\Users\Bartek\AppData\Local\Temp/_gbstools/gbdk/lib/small/asxxxx/gbz80/gbz80.lib
                                          [ _memset.o ]
C:\Users\Bartek\AppData\Local\Temp/_gbstools/gbdk/lib/small/asxxxx/gb/gb.lib
                                          [ ___sdcc_bcall_ehl.o ]
C:\Users\Bartek\AppData\Local\Temp/_gbstools/gbdk/lib/small/asxxxx/gbz80/gbz80.lib
                                          [ div.o ]
C:\Users\Bartek\AppData\Local\Temp/_gbstools/gbdk/lib/small/asxxxx/gb/gb.lib
                                          [ set_bk_t.o ]
C:\Users\Bartek\AppData\Local\Temp/_gbstools/gbdk/lib/small/asxxxx/gb/gb.lib
                                          [ set_xy_t.o ]

ASxxxx Linker V03.00 + NoICE + sdld,  page 84.

User Base Address Definitions

_DATA=0xC0A0
_CODE=0x0200
ASxxxx Linker V03.00 + NoICE + sdld,  page 85.

User Global Definitions

.STACK=0xDF00
_shadow_OAM=0xC000
.refresh_OAM=0xFF80
__start_save=28

